[mullenusa.com/index.html]
[backblue.gif]
[fade.gif]
[index.html]
[mullenusa.com/wp-content/themes/hazel/css/blog7752.css]
[mullenusa.com/feed/index.html]
[mullenusa.com/comments/feed/index.html]
[mullenusa.com/wp-content/themes/hazel/css/bootstrap7752.css]
[mullenusa.com/wp-content/themes/hazel/css/icons-font7752.css]
[mullenusa.com/wp-content/themes/hazel/css/component7752.css]
[mullenusa.com/wp-content/themes/hazel/editor-style7752.css]
[mullenusa.com/wp-content/themes/hazel/css/hazel-woo-layout7752.css]
[mullenusa.com/wp-content/themes/hazel/css/hazel-woocommerce7752.css]
[mullenusa.com/wp-content/themes/hazel/css/mb.YTPlayer7752.css]
[mullenusa.com/wp-content/themes/hazel/css/retina7752.css]
[mullenusa.com/wp-content/plugins/menu-icons/css/extra.min072e.css]
[mullenusa.com/wp-content/themes/hazel/style68b3.css]
[mullenusa.com/wp-content/plugins/contact-form-7/includes/css/styles3c21.css]
[mullenusa.com/wp-content/plugins/revslider/public/assets/css/settings84f5.css]
[mullenusa.com/wp-content/plugins/cubeportfolio/public/css/main.min-1.13.29e95.css]
[mullenusa.com/wp-content/plugins/Ultimate_VC_Addons/assets/min-css/ultimate.min7752.css]
[mullenusa.com/wp-content/uploads/smile_fonts/Defaults/Defaults7752.css]
[mullenusa.com/wp-content/plugins/js_composer/assets/css/js_composer.min40df.css]
[mullenusa.com/wp-content/plugins/Ultimate_VC_Addons/assets/min-css/style.min5d63.css]
[mullenusa.com/wp-content/plugins/Ultimate_VC_Addons/assets/min-css/animate.min5d63.css]
[mullenusa.com/wp-content/plugins/Ultimate_VC_Addons/assets/min-css/info-box.min5d63.css]
[mullenusa.com/wp-content/plugins/Ultimate_VC_Addons/assets/min-css/stats-counter.min5d63.css]
[mullenusa.com/wp-content/plugins/Ultimate_VC_Addons/assets/min-css/creative-link.min5d63.css]
[mullenusa.com/wp-includes/js/jquery/jquery4a5f.js]
[mullenusa.com/wp-includes/js/jquery/jquery-migrate.min330a.js]
[mullenusa.com/wp-content/plugins/revslider/public/assets/js/jquery.themepunch.tools.min84f5.js]
[mullenusa.com/wp-content/plugins/revslider/public/assets/js/jquery.themepunch.revolution.min84f5.js]
[mullenusa.com/wp-content/plugins/duracelltomi-google-tag-manager/js/gtm4wp-contact-form-7-tracker2c00.js]
[mullenusa.com/wp-content/plugins/duracelltomi-google-tag-manager/js/gtm4wp-form-move-tracker2c00.js]
[mullenusa.com/wp-content/plugins/duracelltomi-google-tag-manager/js/analytics-talk-content-tracking2c00.js]
[mullenusa.com/wp-content/plugins/Ultimate_VC_Addons/assets/min-js/ultimate.min5d63.js]
[mullenusa.com/wp-content/plugins/Ultimate_VC_Addons/assets/min-js/ultimate-params.min5d63.js]
[mullenusa.com/wp-content/plugins/Ultimate_VC_Addons/assets/min-js/custom.min5d63.js]
[mullenusa.com/wp-content/plugins/Ultimate_VC_Addons/assets/min-js/jquery-appear.min5d63.js]
[mullenusa.com/wp-content/plugins/Ultimate_VC_Addons/assets/min-js/countUp.min5d63.js]
[mullenusa.com/wp-content/plugins/Ultimate_VC_Addons/assets/min-js/creative-link.min5d63.js]
[mullenusa.com/xmlrpc0db0.php]
[mullenusa.com/wp-json/index.html]
[mullenusa.com/wp-includes/wlwmanifest.xml]
[mullenusa.com/wp-json/oembed/1.0/embed1ed4.json]
[mullenusa.com/wp-content/uploads/2019/01/cropped-android-chrome-512x512-32x32.png]
[mullenusa.com/wp-content/uploads/2019/01/cropped-android-chrome-512x512-192x192.png]
[mullenusa.com/wp-content/uploads/2019/01/cropped-android-chrome-512x512-180x180.png]
[mullenusa.com/wp-content/uploads/2019/04/Sound-on-icon.png]
[mullenusa.com/wp-content/uploads/2019/01/mullen-logo-white-36.png]
[mullenusa.com/wp-content/uploads/2019/01/Keep-in-touch-btn.png]
[mullenusa.com/about/index.html]
[mullenusa.com/contact/index.html]
[mullenusa.com/qiantu-k50-h/index.html]
[mullenusa.com/reserve-qiantu-k50/index.html]
[mullenusa.com/wp-content/uploads/2019/04/kv.30.delayed]
[mullenusa.com/media-k50/index.html]
[mullenusa.com/news-articles-mullen-electric-cars/index.html]
[mullenusa.com/mullen-lounge-point/index.html]
[mullenusa.com/wp-content/uploads/2019/04/Sound-off-icon.png]
[mullenusa.com/investors/index.html]
[mullenusa.com/government/index.html]
[mullenusa.com/financing/index.html]
[mullenusa.com/wp-content/uploads/2019/04/qiantu-k50-buttons-bg@2xn.jpg]
[mullenusa.com/keepintouch/index.html]
[mullenusa.com/wp-content/uploads/2019/01/carhub-light.png]
[mullenusa.com/wp-content/uploads/2019/05/mullen-point-logo2.png]
[mullenusa.com/wp-content/uploads/2019/01/mullen-logo-black-36.png]
[mullenusa.com/wp-content/themes/hazel/images/ajx_loading.gif]
[mullenusa.com/wp-content/plugins/Ultimate_VC_Addons/assets/min-css/ultimate.min5d63.css]
[mullenusa.com/wp-content/plugins/Ultimate_VC_Addons/assets/min-css/background-style.min5d63.css]
[mullenusa.com/wp-content/plugins/contact-form-7/includes/js/scripts3c21.js]
[js.hs-scripts.com/5351724514c.js]
[mullenusa.com/wp-content/themes/hazel/js/utils5152.js]
[mullenusa.com/wp-content/themes/hazel/js/hazel68b3.js]
[mullenusa.com/wp-content/plugins/cubeportfolio/public/js/main.min-1.13.29e95.js]
[mullenusa.com/wp-content/plugins/Ultimate_VC_Addons/assets/min-js/SmoothScroll.min5d63.js]
[mullenusa.com/wp-content/plugins/Ultimate_VC_Addons/assets/min-js/info-box.min5d63.js]
[mullenusa.com/wp-content/plugins/js_composer/assets/js/dist/js_composer_front.min40df.js]
[mullenusa.com/wp-includes/js/wp-embed.min7752.js]
[mullenusa.com/wp-includes/js/imagesloaded.min55a0.js]
[mullenusa.com/wp-includes/js/masonry.mind617.js]
[mullenusa.com/wp-includes/js/jquery/ui/core.mine899.js]
[mullenusa.com/wp-content/plugins/js_composer/assets/lib/waypoints/waypoints.min40df.js]
[mullenusa.com/wp-content/plugins/Ultimate_VC_Addons/assets/min-js/ultimate_bg.min7752.js]
[mullenusa.com/index.html]
[mullenusa.com/wp-content/themes/hazel/css/blog7752.css]
[mullenusa.com/wp-content/themes/hazel/css/bootstrap7752.css]
[mullenusa.com/wp-content/plugins/Ultimate_VC_Addons/assets/min-js/vhparallax.min7752.js]
[mullenusa.com/wp-content/themes/hazel/css/font-awesome/fa-brands-400.eot]
[mullenusa.com/wp-content/themes/hazel/css/font-awesome/fa-brands-400d41d.eot]
[mullenusa.com/wp-content/themes/hazel/css/font-awesome/fa-brands-400.woff2]
[mullenusa.com/wp-content/themes/hazel/css/font-awesome/fa-brands-400.woff]
[mullenusa.com/wp-content/themes/hazel/css/font-awesome/fa-brands-400.ttf]
[mullenusa.com/wp-content/themes/hazel/css/font-awesome/fa-regular-400.eot]
[mullenusa.com/wp-content/themes/hazel/css/font-awesome/fa-regular-400d41d.eot]
[mullenusa.com/wp-content/themes/hazel/css/font-awesome/fa-regular-400.woff2]
[mullenusa.com/wp-content/themes/hazel/css/font-awesome/fa-regular-400.woff]
[mullenusa.com/wp-content/themes/hazel/css/font-awesome/fa-regular-400.ttf]
[mullenusa.com/wp-content/themes/hazel/css/font-awesome/fa-solid-900.eot]
[mullenusa.com/wp-content/themes/hazel/css/font-awesome/fa-solid-900.woff]
[mullenusa.com/wp-content/themes/hazel/css/font-awesome/fa-solid-900.ttf]
[mullenusa.com/wp-content/themes/hazel/css/font-awesome/ionicons28b5.eot]
[mullenusa.com/wp-content/themes/hazel/css/font-awesome/ionicons28b5.ttf]
[mullenusa.com/wp-content/themes/hazel/css/font-awesome/ionicons28b5.woff]
[mullenusa.com/wp-content/themes/hazel/css/icons-font7752.css]
[mullenusa.com/wp-content/themes/hazel/css/component7752.css]
[mullenusa.com/wp-content/images/sprite.png]
[mullenusa.com/wp-content/themes/hazel/editor-style7752.css]
[mullenusa.com/wp-content/themes/hazel/css/hazel-woo-layout7752.css]
[mullenusa.com/wp-content/themes/hazel/icon-fonts/star.eot]
[mullenusa.com/wp-content/themes/hazel/icon-fonts/stard41d.eot]
[mullenusa.com/wp-content/themes/hazel/icon-fonts/star.woff]
[mullenusa.com/wp-content/themes/hazel/icon-fonts/star.ttf]
[mullenusa.com/wp-content/themes/hazel/icon-fonts/WooCommerce.eot]
[mullenusa.com/wp-content/themes/hazel/icon-fonts/WooCommerce.woff]
[mullenusa.com/wp-content/themes/hazel/images/sprite.png]
[mullenusa.com/wp-content/themes/hazel/images/check_radio_sheet.png]
[mullenusa.com/wp-content/themes/hazel/images/icons/credit-cards/visa.png]
[mullenusa.com/wp-content/themes/hazel/images/icons/credit-cards/mastercard.png]
[mullenusa.com/wp-content/themes/hazel/images/icons/credit-cards/laser.png]
[mullenusa.com/wp-content/themes/hazel/images/icons/credit-cards/diners.png]
[mullenusa.com/wp-content/themes/hazel/images/icons/credit-cards/maestro.png]
[mullenusa.com/wp-content/themes/hazel/images/icons/credit-cards/jcb.png]
[mullenusa.com/wp-content/themes/hazel/images/icons/credit-cards/amex.png]
[mullenusa.com/wp-content/themes/hazel/images/icons/credit-cards/discover.png]
[mullenusa.com/wp-content/themes/hazel/images/ajax-loader@2x.gif]
[mullenusa.com/wp-content/themes/hazel/img/shopping-bag.png]
[mullenusa.com/wp-content/themes/hazel/img/woo-sucess.png]
[mullenusa.com/wp-content/themes/hazel/css/hazel-woocommerce7752.css]
[mullenusa.com/wp-content/themes/hazel/css/ytp-regular.eot]
[mullenusa.com/wp-content/themes/hazel/css/ytp-regular.ttf]
[mullenusa.com/wp-content/themes/hazel/images/raster.png]
[mullenusa.com/wp-content/themes/hazel/images/raster@2x.png]
[mullenusa.com/wp-content/themes/hazel/images/raster_dot.png]
[mullenusa.com/wp-content/themes/hazel/images/raster_dot@2x.png]
[mullenusa.com/wp-content/themes/hazel/css/mb.YTPlayer7752.css]
[mullenusa.com/wp-content/themes/hazel/css/retina7752.css]
[mullenusa.com/wp-content/themes/hazel/images/grabbing.png]
[mullenusa.com/wp-content/themes/hazel/grabbing.png]
[mullenusa.com/wp-content/themes/hazel/style68b3.css]
[mullenusa.com/wp-content/plugins/menu-icons/css/extra.min072e.css]
[mullenusa.com/wp-content/plugins/contact-form-7/includes/css/styles3c21.css]
[mullenusa.com/wp-includes/css/dist/block-library/style.min7752.css]
[mullenusa.com/wp-content/plugins/revslider/public/assets/fonts/revicons/revicons90c6.eot]
[mullenusa.com/wp-content/plugins/revslider/public/assets/fonts/revicons/revicons90c6.woff]
[mullenusa.com/wp-content/plugins/revslider/public/assets/fonts/revicons/revicons90c6.ttf]
[mullenusa.com/wp-content/plugins/revslider/public/assets/css/openhand.cur]
[mullenusa.com/wp-content/plugins/revslider/public/assets/css/closedhand.cur]
[mullenusa.com/wp-content/plugins/revslider/public/assets/assets/gridtile.png]
[mullenusa.com/wp-content/plugins/revslider/public/assets/assets/gridtile_white.png]
[mullenusa.com/wp-content/plugins/revslider/public/assets/assets/gridtile_3x3.png]
[mullenusa.com/wp-content/plugins/revslider/public/assets/assets/gridtile_3x3_white.png]
[mullenusa.com/wp-content/plugins/revslider/public/assets/assets/coloredbg.png]
[mullenusa.com/wp-content/plugins/revslider/public/assets/assets/loader.gif]
[mullenusa.com/wp-content/plugins/revslider/public/assets/css/settings84f5.css]
[mullenusa.com/wp-content/plugins/cubeportfolio/public/img/cbp-sprite.png]
[mullenusa.com/wp-content/plugins/cubeportfolio/public/css/main.min-1.13.29e95.css]
[mullenusa.com/wp-content/plugins/Ultimate_VC_Addons/assets/min-css/fonts/ult-silk.eot]
[mullenusa.com/wp-content/plugins/Ultimate_VC_Addons/assets/min-css/fonts/ult-silk.woff]
[mullenusa.com/wp-content/plugins/Ultimate_VC_Addons/assets/min-css/fonts/ult-silk.ttf]
[mullenusa.com/wp-content/plugins/Ultimate_VC_Addons/assets/img/cross.png]
[mullenusa.com/wp-content/plugins/Ultimate_VC_Addons/assets/min-css/ajax-loader.gif]
[mullenusa.com/wp-content/plugins/Ultimate_VC_Addons/assets/min-css/fonts/slick.eot]
[mullenusa.com/wp-content/plugins/Ultimate_VC_Addons/assets/min-css/fonts/slickd41d.eot]
[mullenusa.com/wp-content/plugins/Ultimate_VC_Addons/assets/min-css/fonts/slick.woff]
[mullenusa.com/wp-content/plugins/Ultimate_VC_Addons/assets/min-css/fonts/slick.ttf]
[mullenusa.com/wp-content/plugins/Ultimate_VC_Addons/assets/images/fabric.png]
[mullenusa.com/wp-content/plugins/Ultimate_VC_Addons/assets/img/ov-plus.png]
[mullenusa.com/wp-content/plugins/Ultimate_VC_Addons/assets/min-css/ultimate.min7752.css]
[mullenusa.com/wp-content/plugins/js_composer/assets/vc/alert.png]
[mullenusa.com/wp-content/plugins/js_composer/assets/vc/info.png]
[mullenusa.com/wp-content/plugins/js_composer/assets/vc/tick.png]
[mullenusa.com/wp-content/plugins/js_composer/assets/vc/exclamation.png]
[mullenusa.com/wp-content/plugins/js_composer/assets/images/icons/address-book.png]
[mullenusa.com/wp-content/plugins/js_composer/assets/images/icons/alarm-clock.png]
[mullenusa.com/wp-content/plugins/js_composer/assets/images/icons/anchor.png]
[mullenusa.com/wp-content/plugins/js_composer/assets/images/icons/application-image.png]
[mullenusa.com/wp-content/plugins/js_composer/assets/images/icons/arrow.png]
[mullenusa.com/wp-content/plugins/js_composer/assets/images/icons/asterisk.png]
[mullenusa.com/wp-content/plugins/js_composer/assets/images/icons/auction-hammer.png]
[mullenusa.com/wp-content/plugins/js_composer/assets/images/icons/balloon.png]
[mullenusa.com/wp-content/plugins/js_composer/assets/images/icons/balloon-buzz.png]
[mullenusa.com/wp-content/plugins/js_composer/assets/images/icons/balloon-facebook.png]
[mullenusa.com/wp-content/plugins/js_composer/assets/images/icons/balloon-twitter.png]
[mullenusa.com/wp-content/plugins/js_composer/assets/images/icons/battery-full.png]
[mullenusa.com/wp-content/plugins/js_composer/assets/images/icons/binocular.png]
[mullenusa.com/wp-content/plugins/js_composer/assets/images/icons/blue-document-excel.png]
[mullenusa.com/wp-content/plugins/js_composer/assets/images/icons/blue-document-image.png]
[mullenusa.com/wp-content/plugins/js_composer/assets/images/icons/blue-document-music.png]
[mullenusa.com/wp-content/plugins/js_composer/assets/images/icons/blue-document-office.png]
[mullenusa.com/wp-content/plugins/js_composer/assets/images/icons/blue-document-pdf.png]
[mullenusa.com/wp-content/plugins/js_composer/assets/images/icons/blue-document-powerpoint.png]
[mullenusa.com/wp-content/plugins/js_composer/assets/images/icons/blue-document-word.png]
[mullenusa.com/wp-content/plugins/js_composer/assets/images/icons/bookmark.png]
[mullenusa.com/wp-content/plugins/js_composer/assets/images/icons/camcorder.png]
[mullenusa.com/wp-content/plugins/js_composer/assets/images/icons/camera.png]
[mullenusa.com/wp-content/plugins/js_composer/assets/images/icons/chart.png]
[mullenusa.com/wp-content/plugins/js_composer/assets/images/icons/chart-pie.png]
[mullenusa.com/wp-content/plugins/js_composer/assets/images/icons/clock.png]
[mullenusa.com/wp-content/plugins/js_composer/assets/images/icons/control.png]
[mullenusa.com/wp-content/plugins/js_composer/assets/images/icons/fire.png]
[mullenusa.com/wp-content/plugins/js_composer/assets/images/icons/heart.png]
[mullenusa.com/wp-content/plugins/js_composer/assets/images/icons/mail.png]
[mullenusa.com/wp-content/plugins/js_composer/assets/images/icons/plus-shield.png]
[mullenusa.com/wp-content/plugins/js_composer/assets/images/icons/video.png]
[mullenusa.com/wp-content/plugins/js_composer/assets/fonts/vc_icons_v2/fonts/vcpb-plugin-iconsb82a.eot]
[mullenusa.com/wp-content/plugins/js_composer/assets/fonts/vc_icons_v2/fonts/vcpb-plugin-iconsb82a.ttf]
[mullenusa.com/wp-content/plugins/js_composer/assets/fonts/vc_icons_v2/fonts/vcpb-plugin-iconsb82a.woff]
[mullenusa.com/wp-content/plugins/js_composer/assets/images/toggle_open.png]
[mullenusa.com/wp-content/plugins/js_composer/assets/images/toggle_close.png]
[mullenusa.com/wp-content/plugins/js_composer/assets/images/flickr.png]
[mullenusa.com/wp-content/plugins/js_composer/assets/fonts/vc_grid/vc_grid_v157a1.eot]
[mullenusa.com/wp-content/plugins/js_composer/assets/fonts/vc_grid/vc_grid_v1d41d.eot]
[mullenusa.com/wp-content/plugins/js_composer/assets/fonts/vc_grid/vc_grid_v157a1.woff]
[mullenusa.com/wp-content/plugins/js_composer/assets/fonts/vc_grid/vc_grid_v157a1.ttf]
[mullenusa.com/wp-content/plugins/js_composer/assets/images/spinner.gif]
[mullenusa.com/wp-content/plugins/js_composer/assets/vc/remove.png]
[mullenusa.com/wp-content/plugins/js_composer/assets/css/js_composer.min40df.css]
[mullenusa.com/wp-content/uploads/smile_fonts/Defaults/Defaults21ea.eot]
[mullenusa.com/wp-content/uploads/smile_fonts/Defaults/Defaults21ea.woff]
[mullenusa.com/wp-content/uploads/smile_fonts/Defaults/Defaults21ea.ttf]
[mullenusa.com/wp-content/uploads/smile_fonts/Defaults/Defaults7752.css]
[mullenusa.com/wp-content/plugins/Ultimate_VC_Addons/assets/min-css/style.min5d63.css]
[mullenusa.com/wp-content/plugins/Ultimate_VC_Addons/assets/min-css/animate.min5d63.css]
[mullenusa.com/wp-content/plugins/Ultimate_VC_Addons/assets/min-css/info-box.min5d63.css]
[mullenusa.com/wp-content/plugins/Ultimate_VC_Addons/assets/min-css/stats-counter.min5d63.css]
[mullenusa.com/wp-content/plugins/Ultimate_VC_Addons/assets/min-css/creative-link.min5d63.css]
[mullenusa.com/wp-content/uploads/smile_fonts/linearicons/linearicons7752.css]
[mullenusa.com/wp-json/oembed/1.0/embed07c6.json]
[mullenusa.com/about/index.html]
[mullenusa.com/wp-content/plugins/js_composer/assets/lib/bower/skrollr/dist/skrollr.min40df.js]
[mullenusa.com/wp-content/plugins/wpforms/assets/css/wpforms-fulle6bb.css]
[mullenusa.com/wp-json/oembed/1.0/embedc8a2.json]
[mullenusa.com/wp-content/plugins/wpforms/assets/js/wpformse6bb.js]
[mullenusa.com/wp-content/plugins/wpforms-captcha/assets/js/wpforms-captcha.min7359.js]
[mullenusa.com/wp-content/plugins/wpforms/assets/js/jquery.validate.min24fc.js]
[mullenusa.com/wp-content/plugins/wpforms/assets/js/jquery.inputmask.bundle.min0e07.js]
[www.google.com/recaptcha/api9188.js]
[mullenusa.com/contact/index.html]
[mullenusa.com/wp-json/oembed/1.0/embed89f8.json]
[mullenusa.com/wp-content/uploads/2019/04/NYIAS-Download-Img@2x.png]
[code.jquery.com/jquery-3.4.0.min.js]
[cdn.jsdelivr.net/gh/fancyapps/fancybox@3.5.7/dist/jquery.fancybox.min.js]
[cdn.jsdelivr.net/gh/fancyapps/fancybox@3.5.7/dist/jquery.fancybox.min.css]
[mullenusa.com/wp-content/uploads/2019/05/mediak50.jpg]
[mullenusa.com/wp-content/uploads/2019/04/Mullen-K50-NYASH.pdf]
[mullenusa.com/wp-content/uploads/2019/04/NYIAS-K50-Img@2x.png]
[mullenusa.com/media-k50/index.html]
[mullenusa.com/wp-json/oembed/1.0/embed5668.json]
[mullenusa.com/wp-content/uploads/2019/01/mullen-slider-1.jpg]
[mullenusa.com/wp-content/uploads/2019/01/home-qiantu-car-1-imgnc.jpg]
[mullenusa.com/wp-content/uploads/2019/02/cg2.mp4]
[mullenusa.com/wp-content/uploads/2019/06/Qiantu-colors-k50.gif]
[mullenusa.com/wp-content/uploads/2019/01/bg-0.jpg]
[mullenusa.com/wp-content/uploads/2019/01/section2-video1.mp4]
[mullenusa.com/wp-content/uploads/2019/01/bg-1.jpg]
[mullenusa.com/wp-content/uploads/2019/01/section2-video2.mp4]
[mullenusa.com/wp-content/uploads/2019/01/section3-video1.mp4]
[mullenusa.com/wp-content/uploads/2019/01/bg-5.jpg]
[mullenusa.com/wp-content/uploads/2019/01/section3-video2.mp4]
[js.hs-scripts.com/5351724.js]
[mullenusa.com/wp-content/uploads/2019/05/mullen-katalog-no-spec.pdf]
[mullenusa.com/wp-content/uploads/2019/05/brochure-button.png]
[mullenusa.com/wp-content/uploads/2019/03/360-icon@2x.jpg]
[mullenusa.com/wp-content/uploads/2019/02/break.jpg]
[mullenusa.com/wp-content/uploads/2019/02/wheel.jpg]
[mullenusa.com/wp-content/uploads/2019/02/seat.jpg]
[mullenusa.com/wp-content/uploads/2019/02/vbg.png]
[mullenusa.com/wp-content/uploads/2019/02/section5-video.mp4]
[mullenusa.com/qiantu-k50-h/index.html]
[mullenusa.com/wp-json/oembed/1.0/embeda53b.json]
[mullenusa.com/docs/Reservation-Agreement.pdf]
[mullenusa.com/wp-content/uploads/2019/01/thumb-1.png]
[mullenusa.com/wp-content/uploads/2019/01/thumb-2.png]
[mullenusa.com/wp-content/uploads/2019/01/thumb-4.png]
[mullenusa.com/wp-content/uploads/2019/01/thumb-5.png]
[mullenusa.com/wp-content/uploads/2019/01/thumb-6.png]
[mullenusa.com/wp-content/plugins/wpforms/assets/js/jquery.payment.mine6bb.js]
[mullenusa.com/reserve-qiantu-k50/index.html]
[mullenusa.com/wp-content/plugins/wpforms-stripe/assets/js/wpforms-stripe.mine1fc.js]
[mullenusa.com/wp-json/oembed/1.0/embed38ee.json]
[mullenusa.com/wp-content/uploads/2019/05/lounge-main.png]
[mullenusa.com/wp-content/uploads/2019/05/lounge-qiantu-logo.png]
[mullenusa.com/wp-content/uploads/2019/05/mullen-dealer-img-3-1.png]
[mullenusa.com/wp-content/uploads/2019/05/lounge-mullen-logo.png]
[mullenusa.com/wp-content/uploads/2019/05/mullen-point-logo.png]
[mullenusa.com/wp-content/uploads/2019/05/new-icons.png]
[mullenusa.com/wp-content/uploads/2019/05/lounge-last.png]
[mullenusa.com/mullen-lounge-point/index.html]
[mullenusa.com/wp-json/oembed/1.0/embed6b96.json]
[mullenusa.com/wp-content/uploads/2019/09/City.jpg]
[mullenusa.com/2019/09/10/mullen-technologies-purchases-first-northern-california-retail-location/index.html]
[mullenusa.com/wp-content/uploads/2019/08/concours8.jpg]
[mullenusa.com/wp-content/uploads/2019/07/134-NYC-EPRIX.jpg]
[mullenusa.com/2019/08/12/mullen-usa-to-make-pebble-beach-debut-with-k50-electric-luxury-sports-car/index.html]
[mullenusa.com/2019/07/13/above-new-york-the-qiantu-k50-by-mullen-at-the-2019-new-york-city-e-prix/index.html]
[mullenusa.com/wp-content/uploads/2019/06/Balboa-header.jpg]
[mullenusa.com/2019/06/17/qiantu-k50-by-mullen-wins-governor-choice-award-balboa-bay-club/index.html]
[mullenusa.com/wp-content/uploads/2019/06/detroitgp-header.jpg]
[mullenusa.com/2019/06/02/mullen-technologies-backing-up-successful-indy-500-with-the-2019-detroit-gran-prix/index.html]
[mullenusa.com/wp-content/uploads/2019/05/K50-blimp-r2.jpg]
[mullenusa.com/2019/05/28/mullen-technologies-indy-500-tv-ad-breaks-internet/index.html]
[mullenusa.com/wp-content/uploads/2019/05/Mullen1705Press.jpg]
[mullenusa.com/2019/05/17/mullen-technologies-purchases-premier-dealership-location/index.html]
[mullenusa.com/wp-content/uploads/2019/04/MicrosoftTeams-image2.jpg]
[mullenusa.com/2019/03/28/american-debut-qiantu-k50-new-york-international-autoshow/index.html]
[mullenusa.com/wp-content/uploads/2019/03/K50-NY-Autoshowc.jpg]
[mullenusa.com/2019/04/17/qiantuk50-mullen-2019-new-york-international-auto-show/index.html]
[mullenusa.com/news-articles-mullen-electric-cars/page/2/index.html]
[mullenusa.com/news-articles-mullen-electric-cars/index.html]
[mullenusa.com/wp-content/themes/hazel/js/blog68b3.js]
[mullenusa.com/investors/index.html]
[mullenusa.com/wp-json/oembed/1.0/embed2165.json]
[mullenusa.com/wp-content/plugins/Ultimate_VC_Addons/assets/min-css/slick.min5d63.css]
[mullenusa.com/wp-content/plugins/Ultimate_VC_Addons/assets/css/icons5d63.css]
[mullenusa.com/wp-content/plugins/Ultimate_VC_Addons/assets/min-js/slick-custom.min5d63.js]
[mullenusa.com/financing/index.html]
[mullenusa.com/wp-json/oembed/1.0/embed4bee.json]
[mullenusa.com/government/index.html]
[mullenusa.com/wp-json/oembed/1.0/embed3021.json]
[mullenusa.com/wp-json/oembed/1.0/embed686e.json]
[mullenusa.com/keepintouch/index.html]
[mullenusa.com/wp-content/plugins/Ultimate_VC_Addons/assets/min-css/ultimate.min5d63.css]
[mullenusa.com/wp-content/plugins/wpforms-form-abandonment/assets/js/wpforms-form-abandonment.minf488.js]
[mullenusa.com/wp-content/plugins/Ultimate_VC_Addons/assets/min-css/background-style.min5d63.css]
[mullenusa.com/wp-content/uploads/2019/01/Reserve-now-btn.png]
[mullenusa.com/wp-content/plugins/js_composer/assets/lib/bower/animate-css/animate.min40df.css]
[mullenusa.com/wp-content/themes/hazel/css/font-awesome/fa-brands-400.svg]
[mullenusa.com/wp-content/themes/hazel/css/font-awesome/fa-regular-400.svg]
[mullenusa.com/wp-content/themes/hazel/css/font-awesome/fa-solid-900.svg]
[mullenusa.com/wp-content/themes/hazel/css/font-awesome/ionicons28b5.svg]
[mullenusa.com/wp-content/images/sprite.html]
[mullenusa.com/wp-content/themes/hazel/icon-fonts/star.svg]
[mullenusa.com/wp-content/themes/hazel/icon-fonts/WooCommerced41d.eot]
[mullenusa.com/wp-content/themes/hazel/icon-fonts/WooCommerce.ttf]
[mullenusa.com/wp-content/themes/hazel/icon-fonts/WooCommerce.svg]
[mullenusa.com/wp-content/themes/hazel/images/icons/credit-cards/visa.html]
[mullenusa.com/wp-content/themes/hazel/images/icons/credit-cards/mastercard.html]
[mullenusa.com/wp-content/themes/hazel/images/icons/credit-cards/laser.html]
[mullenusa.com/wp-content/themes/hazel/images/icons/credit-cards/diners.html]
[mullenusa.com/wp-content/themes/hazel/images/icons/credit-cards/maestro.html]
[mullenusa.com/wp-content/themes/hazel/images/icons/credit-cards/jcb.html]
[mullenusa.com/wp-content/themes/hazel/images/icons/credit-cards/amex.html]
[mullenusa.com/wp-content/themes/hazel/images/icons/credit-cards/discover.html]
[mullenusa.com/wp-content/themes/hazel/images/ajax-loader@2x.html]
[mullenusa.com/wp-content/themes/hazel/img/shopping-bag.html]
[mullenusa.com/wp-content/themes/hazel/img/woo-sucess.html]
[mullenusa.com/wp-content/themes/hazel/css/ytp-regular.html]
[mullenusa.com/wp-content/themes/hazel/css/ytp-regular-2.html]
[mullenusa.com/wp-content/themes/hazel/images/raster.html]
[mullenusa.com/wp-content/themes/hazel/images/raster@2x.html]
[mullenusa.com/wp-content/themes/hazel/images/raster_dot.html]
[mullenusa.com/wp-content/themes/hazel/images/raster_dot@2x.html]
[mullenusa.com/wp-content/themes/hazel/images/grayscale.svg]
[mullenusa.com/wp-content/themes/hazel/images/grabbing.html]
[mullenusa.com/wp-content/themes/hazel/grabbing.html]
[mullenusa.com/wp-includes/css/dist/block-library/style.min7752.css]
[mullenusa.com/wp-content/plugins/revslider/public/assets/fonts/revicons/revicons90c6.svg]
[mullenusa.com/wp-content/plugins/Ultimate_VC_Addons/assets/min-css/fonts/ult-silk.svg]
[mullenusa.com/wp-content/plugins/Ultimate_VC_Addons/assets/min-css/fonts/slick.svg]
[mullenusa.com/wp-content/plugins/Ultimate_VC_Addons/assets/images/cover.jpg]
[mullenusa.com/wp-includes/js/comment-reply.min7752.js]
[mullenusa.com/wp-content/plugins/js_composer/assets/fonts/vc_icons_v2/fonts/vcpb-plugin-iconsb82a.svg]
[mullenusa.com/wp-content/plugins/js_composer/assets/vc/blur.svg]
[mullenusa.com/wp-content/plugins/js_composer/assets/fonts/vc_grid/vc_grid_v157a1.svg]
[mullenusa.com/wp-content/uploads/smile_fonts/Defaults/Defaults21ea.svg]
[mullenusa.com/wp-content/plugins/contact-form-7/images/ajax-loader.gif]
[mullenusa.com/wp-content/uploads/smile_fonts/linearicons/linearicons59b1.eot]
[mullenusa.com/wp-content/uploads/smile_fonts/linearicons/linearicons59b1.ttf]
[mullenusa.com/wp-content/uploads/smile_fonts/linearicons/linearicons59b1.woff]
[mullenusa.com/wp-content/uploads/smile_fonts/linearicons/linearicons7752.css]
[mullenusa.com/index2cf9.html]
[mullenusa.com/wp-content/plugins/wpforms/assets/css/wpforms-fulle6bb.css]
[mullenusa.com/indexc273.html]
[mullenusa.com/index2d39.html]
[mullenusa.com/wp-content/uploads/2019/04/NYIAS-Arrow-Img@2x.png]
[cdn.jsdelivr.net/gh/fancyapps/fancybox@3.5.7/dist/jquery.fancybox.min.css]
[mullenusa.com/index905b.html]
[mullenusa.com/indexd96d.html]
[mullenusa.com/index23c8.html]
[mullenusa.com/indexe793.html]
[mullenusa.com/wp-content/uploads/2019/01/bg-4.jpg]
[mullenusa.com/wp-content/uploads/2019/01/thumb-3.png]
[mullenusa.com/wp-content/uploads/2019/05/mlp-top1.jpg]
[mullenusa.com/wp-content/plugins/js_composer/assets/lib/prettyphoto/css/prettyPhoto.min40df.css]
[mullenusa.com/wp-json/oembed/1.0/embedfac9.json]
[treethemes.net/themes/hazel/demo6/wp-content/uploads/sites/7/2017/11/432423-1.jpg]
[mullenusa.com/2019/09/10/mullen-technologies-purchases-first-northern-california-retail-location/index3f71.html]
[mullenusa.com/2019/09/index.html]
[mullenusa.com/wp-content/plugins/js_composer/assets/lib/prettyphoto/js/jquery.prettyPhoto.min40df.js]
[mullenusa.com/2019/09/10/mullen-technologies-purchases-first-northern-california-retail-location/index.html]
[mullenusa.com/2019/06/index.html]
[mullenusa.com/wp-json/oembed/1.0/embed2c2a.json]
[mullenusa.com/2019/04/index.html]
[mullenusa.com/2019/03/index.html]
[mullenusa.com/2018/12/index.html]
[mullenusa.com/2019/08/12/mullen-usa-to-make-pebble-beach-debut-with-k50-electric-luxury-sports-car/index.html]
[mullenusa.com/2018/11/index.html]
[mullenusa.com/2018/10/index.html]
[mullenusa.com/category/uncategorized/index.html]
[mullenusa.com/2019/08/12/mullen-usa-to-make-pebble-beach-debut-with-k50-electric-luxury-sports-car/indexcd64.html]
[mullenusa.com/2019/07/13/above-new-york-the-qiantu-k50-by-mullen-at-the-2019-new-york-city-e-prix/index.html]
[mullenusa.com/wp-json/oembed/1.0/embedc02a.json]
[mullenusa.com/2019/06/17/qiantu-k50-by-mullen-wins-governor-choice-award-balboa-bay-club/index.html]
[mullenusa.com/wp-json/oembed/1.0/embed08e7.json]
[mullenusa.com/2019/07/13/above-new-york-the-qiantu-k50-by-mullen-at-the-2019-new-york-city-e-prix/indexcd64.html]
[mullenusa.com/2019/06/17/qiantu-k50-by-mullen-wins-governor-choice-award-balboa-bay-club/indexcd64.html]
[mullenusa.com/2019/06/02/mullen-technologies-backing-up-successful-indy-500-with-the-2019-detroit-gran-prix/index.html]
[mullenusa.com/wp-json/oembed/1.0/embed5da9.json]
[mullenusa.com/2019/05/28/mullen-technologies-indy-500-tv-ad-breaks-internet/index.html]
[mullenusa.com/wp-json/oembed/1.0/embedea2c.json]
[mullenusa.com/2019/06/02/mullen-technologies-backing-up-successful-indy-500-with-the-2019-detroit-gran-prix/index6b42.html]
[mullenusa.com/2019/05/17/mullen-technologies-purchases-premier-dealership-location/index.html]
[mullenusa.com/wp-json/oembed/1.0/embed64ca.json]
[mullenusa.com/wp-json/oembed/1.0/embed5e16.json]
[mullenusa.com/2019/04/29/mullen-technologies-qiantu-k50-washington-state/index.html]
[mullenusa.com/2019/05/17/mullen-technologies-purchases-premier-dealership-location/indexcd64.html]
[mullenusa.com/2019/04/17/qiantuk50-mullen-2019-new-york-international-auto-show/index.html]
[mullenusa.com/wp-content/uploads/2019/04/header-1920-1280.jpg]
[mullenusa.com/wp-json/oembed/1.0/embedd626.json]
[mullenusa.com/2019/04/17/qiantuk50-mullen-2019-new-york-international-auto-show/indexcd64.html]
[mullenusa.com/2019/03/28/american-debut-qiantu-k50-new-york-international-autoshow/index.html]
[mullenusa.com/2019/03/28/american-debut-qiantu-k50-new-york-international-autoshow/indexcd64.html]
[mullenusa.com/2019/03/23/future-of-electric-supercars-in-usa/index.html]
[mullenusa.com/wp-content/uploads/2019/03/K501-news.jpg]
[mullenusa.com/wp-content/uploads/2019/01/carhub-300x300.png]
[mullenusa.com/news-articles-mullen-electric-cars/page/2/index.html]
[mullenusa.com/indexe6f0.html]
[mullenusa.com/wp-content/plugins/Ultimate_VC_Addons/assets/min-css/slick.min5d63.css]
[mullenusa.com/2018/10/26/carhub-now-a-subsidiary-of-mullen-technologies/index.html]
[mullenusa.com/2018/12/12/mullen-technologies-ca-and-qiantu-motor-ltd-china-have-signed-a-partnership-agreement-to-co-develop-assemble-and-exclusively-market-the-qiantu-k50-in-north-america/index.html]
[mullenusa.com/2018/11/20/mullen-technologies-announces-the-opening-of-its-suzhou-shanghai-regional-offices-and-the-hiring-of-qingyuan-hu-phd-as-strategic-program-manager/index.html]
[mullenusa.com/wp-content/plugins/Ultimate_VC_Addons/assets/css/fonts/ult-silk.eot]
[mullenusa.com/wp-content/plugins/Ultimate_VC_Addons/assets/css/fonts/ult-silk.woff]
[mullenusa.com/wp-content/plugins/Ultimate_VC_Addons/assets/css/fonts/ult-silk.ttf]
[mullenusa.com/wp-content/plugins/Ultimate_VC_Addons/assets/css/icons5d63.css]
[mullenusa.com/index88b9.html]
[mullenusa.com/index7737.html]
[mullenusa.com/indexfbd5.html]
[mullenusa.com/wp-content/plugins/js_composer/assets/lib/bower/animate-css/animate.min40df.css]
[mullenusa.com/wp-content/themes/hazel/css/hazel-custom7752.css]
[mullenusa.com/wp-content/uploads/smile_fonts/linearicons/linearicons59b1.svg]
[mullenusa.com/wp-content/plugins/Ultimate_VC_Addons/assets/min-js/slick.min5d63.js]
[mullenusa.com/wp-content/uploads/smile_fonts/Defaults/Defaultsd41d.eot]
[mullenusa.com/wp-content/plugins/js_composer/assets/lib/prettyphoto/images/prettyPhoto/default/sprite.png]
[mullenusa.com/wp-content/uploads/2019/04/press-release.pdf]
[mullenusa.com/wp-content/plugins/js_composer/assets/lib/prettyphoto/images/prettyPhoto/default/sprite_x.png]
[mullenusa.com/wp-content/plugins/js_composer/assets/lib/prettyphoto/images/prettyPhoto/default/sprite_y.png]
[mullenusa.com/wp-content/plugins/js_composer/assets/lib/prettyphoto/images/prettyPhoto/default/sprite_next.png]
[mullenusa.com/wp-content/plugins/js_composer/assets/lib/prettyphoto/images/prettyPhoto/default/sprite_prev.png]
[mullenusa.com/wp-content/plugins/js_composer/assets/lib/prettyphoto/images/prettyPhoto/default/default_thumb.png]
[mullenusa.com/wp-content/plugins/js_composer/assets/lib/prettyphoto/images/prettyPhoto/default/loader.gif]
[mullenusa.com/wp-content/plugins/js_composer/assets/lib/prettyphoto/images/prettyPhoto/light_rounded/sprite.png]
[mullenusa.com/wp-content/plugins/js_composer/assets/lib/prettyphoto/images/prettyPhoto/light_rounded/btnNext.png]
[mullenusa.com/wp-content/plugins/js_composer/assets/lib/prettyphoto/images/prettyPhoto/light_rounded/btnPrevious.png]
[mullenusa.com/wp-content/plugins/js_composer/assets/lib/prettyphoto/images/prettyPhoto/light_rounded/loader.gif]
[mullenusa.com/wp-content/plugins/js_composer/assets/lib/prettyphoto/images/prettyPhoto/dark_rounded/sprite.png]
[mullenusa.com/wp-content/plugins/js_composer/assets/lib/prettyphoto/images/prettyPhoto/dark_rounded/contentPattern.png]
[mullenusa.com/wp-content/plugins/js_composer/assets/lib/prettyphoto/images/prettyPhoto/dark_rounded/btnNext.png]
[mullenusa.com/wp-content/plugins/js_composer/assets/lib/prettyphoto/images/prettyPhoto/dark_rounded/btnPrevious.png]
[mullenusa.com/wp-content/plugins/js_composer/assets/lib/prettyphoto/images/prettyPhoto/dark_rounded/loader.gif]
[mullenusa.com/wp-content/plugins/js_composer/assets/lib/prettyphoto/images/prettyPhoto/dark_square/loader.gif]
[mullenusa.com/wp-content/plugins/js_composer/assets/lib/prettyphoto/images/prettyPhoto/dark_square/sprite.png]
[mullenusa.com/wp-content/plugins/js_composer/assets/lib/prettyphoto/images/prettyPhoto/dark_square/btnNext.png]
[mullenusa.com/wp-content/plugins/js_composer/assets/lib/prettyphoto/images/prettyPhoto/dark_square/btnPrevious.png]
[mullenusa.com/wp-content/plugins/js_composer/assets/lib/prettyphoto/images/prettyPhoto/light_square/sprite.png]
[mullenusa.com/wp-content/plugins/js_composer/assets/lib/prettyphoto/images/prettyPhoto/light_square/btnNext.png]
[mullenusa.com/wp-content/plugins/js_composer/assets/lib/prettyphoto/images/prettyPhoto/light_square/btnPrevious.png]
[mullenusa.com/wp-content/plugins/js_composer/assets/lib/prettyphoto/images/prettyPhoto/facebook/sprite.png]
[mullenusa.com/wp-content/plugins/js_composer/assets/lib/prettyphoto/images/prettyPhoto/facebook/contentPatternTop.png]
[mullenusa.com/wp-content/plugins/js_composer/assets/lib/prettyphoto/images/prettyPhoto/facebook/contentPatternLeft.png]
[mullenusa.com/wp-content/plugins/js_composer/assets/lib/prettyphoto/images/prettyPhoto/facebook/contentPatternRight.png]
[mullenusa.com/wp-content/plugins/js_composer/assets/lib/prettyphoto/images/prettyPhoto/facebook/loader.gif]
[mullenusa.com/wp-content/plugins/js_composer/assets/lib/prettyphoto/images/prettyPhoto/facebook/btnNext.png]
[mullenusa.com/wp-content/plugins/js_composer/assets/lib/prettyphoto/images/prettyPhoto/facebook/btnPrevious.png]
[mullenusa.com/wp-content/plugins/js_composer/assets/lib/prettyphoto/images/prettyPhoto/facebook/contentPatternBottom.png]
[mullenusa.com/wp-content/plugins/js_composer/assets/lib/prettyphoto/images/prettyPhoto/facebook/default_thumbnail.gif]
[mullenusa.com/wp-content/plugins/js_composer/assets/lib/prettyphoto/css/prettyPhoto.min40df.css]
[mullenusa.com/indexa53f.html]
[mullenusa.com/2019/09/10/mullen-technologies-purchases-first-northern-california-retail-location/index3f71.html]
[mullenusa.com/2019/09/index.html]
[mullenusa.com/2019/07/index.html]
[mullenusa.com/2019/06/index.html]
[mullenusa.com/2019/04/index.html]
[mullenusa.com/2019/03/index.html]
[mullenusa.com/2018/12/index.html]
[mullenusa.com/2018/11/index.html]
[mullenusa.com/2018/10/index.html]
[mullenusa.com/category/uncategorized/index.html]
[mullenusa.com/index09ce.html]
[mullenusa.com/2019/08/12/mullen-usa-to-make-pebble-beach-debut-with-k50-electric-luxury-sports-car/indexcd64.html]
[mullenusa.com/index79dd.html]
[mullenusa.com/2019/07/13/above-new-york-the-qiantu-k50-by-mullen-at-the-2019-new-york-city-e-prix/indexcd64.html]
[mullenusa.com/indexc658.html]
[mullenusa.com/2019/06/17/qiantu-k50-by-mullen-wins-governor-choice-award-balboa-bay-club/indexcd64.html]
[mullenusa.com/index2451.html]
[mullenusa.com/2019/06/02/mullen-technologies-backing-up-successful-indy-500-with-the-2019-detroit-gran-prix/index6b42.html]
[mullenusa.com/index8ac4.html]
[mullenusa.com/2018/index.html]
[mullenusa.com/indexb77a.html]
[mullenusa.com/2019/05/17/mullen-technologies-purchases-premier-dealership-location/indexcd64.html]
[mullenusa.com/category/uncategorized/page/2/index.html]
[mullenusa.com/2019/04/29/mullen-technologies-qiantu-k50-washington-state/index.html]
[mullenusa.com/index7828.html]
[mullenusa.com/2019/04/17/qiantuk50-mullen-2019-new-york-international-auto-show/indexcd64.html]
[mullenusa.com/index5e56.html]
[mullenusa.com/2019/03/28/american-debut-qiantu-k50-new-york-international-autoshow/indexcd64.html]
[mullenusa.com/wp-json/oembed/1.0/embed82fc.json]
[mullenusa.com/2019/04/29/mullen-technologies-qiantu-k50-washington-state/indexcd64.html]
[mullenusa.com/2019/03/23/future-of-electric-supercars-in-usa/index.html]
[mullenusa.com/wp-json/oembed/1.0/embed859a.json]
[mullenusa.com/wp-json/oembed/1.0/embed9605.json]
[mullenusa.com/2019/03/23/future-of-electric-supercars-in-usa/indexcd64.html]
[mullenusa.com/wp-content/uploads/Qiantu-Moreno-Valley-2-1.jpg]
[mullenusa.com/2018/12/12/mullen-technologies-ca-and-qiantu-motor-ltd-china-have-signed-a-partnership-agreement-to-co-develop-assemble-and-exclusively-market-the-qiantu-k50-in-north-america/indexcd64.html]
[mullenusa.com/wp-content/uploads/K50-e1544635567941.png]
[mullenusa.com/2018/12/12/mullen-technologies-ca-and-qiantu-motor-ltd-china-have-signed-a-partnership-agreement-to-co-develop-assemble-and-exclusively-market-the-qiantu-k50-in-north-america/index.html]
[mullenusa.com/wp-json/oembed/1.0/embed2330.json]
[mullenusa.com/wp-content/uploads/2019/01/Mullen-Qiantu-Signing.jpg]
[mullenusa.com/wp-content/uploads/Qingyuan-photo-244x300.jpg]
[mullenusa.com/wp-content/uploads/China_Suzhou_Jinjihu_Lake-300x200.jpg]
[mullenusa.com/2018/11/20/mullen-technologies-announces-the-opening-of-its-suzhou-shanghai-regional-offices-and-the-hiring-of-qingyuan-hu-phd-as-strategic-program-manager/index.html]
[mullenusa.com/2018/11/20/mullen-technologies-announces-the-opening-of-its-suzhou-shanghai-regional-offices-and-the-hiring-of-qingyuan-hu-phd-as-strategic-program-manager/indexcd64.html]
[mullenusa.com/wp-json/oembed/1.0/embed87e3.json]
[mullenusa.com/wp-content/uploads/2019/01/Shanghai.jpg]
[mullenusa.com/wp-content/uploads/2019/01/carhub-300x300-1.png]
[mullenusa.com/2018/10/26/carhub-now-a-subsidiary-of-mullen-technologies/index.html]
[mullenusa.com/wp-content/plugins/Ultimate_VC_Addons/assets/css/fonts/ult-silk.svg]
[mullenusa.com/wp-content/plugins/duracelltomi-google-tag-manager/js/gtm4wp-users2c00.js]
[mullenusa.com/wp-content/themes/hazel/css/font-awesome/fa-solid-900d41d.eot]
[mullenusa.com/wp-content/themes/hazel/css/font-awesome/fa-solid-900.woff2]
[mullenusa.com/category/uncategorized]
[mullenusa.com/2018/10/26/carhub-now-a-subsidiary-of-mullen-technologies/indexcd64.html]
[mullenusa.com/2019/index.html]
[mullenusa.com/2019/07/index.html]
[mullenusa.com/indexcd64.html]
[mullenusa.com/index6b42.html]
[mullenusa.com/2019/08/index.html]
[mullenusa.com/author/mullendev/index.html]
[mullenusa.com/author/jason/index.html]
[mullenusa.com/2018/index.html]
[mullenusa.com/category/uncategorized/page/2/index.html]
[mullenusa.com/indexd993.html]
[mullenusa.com/2019/04/29/mullen-technologies-qiantu-k50-washington-state/indexcd64.html]
[mullenusa.com/indexd8d1.html]
[mullenusa.com/2019/03/23/future-of-electric-supercars-in-usa/indexcd64.html]
[mullenusa.com/index3aad.html]
[mullenusa.com/2018/12/12/mullen-technologies-ca-and-qiantu-motor-ltd-china-have-signed-a-partnership-agreement-to-co-develop-assemble-and-exclusively-market-the-qiantu-k50-in-north-america/indexcd64.html]
[mullenusa.com/wp-content/uploads/Qiantu-Moreno-Valley-2-1.html]
[mullenusa.com/wp-content/uploads/K50-e1544635567941.html]
[mullenusa.com/index2486.html]
[mullenusa.com/2018/11/20/mullen-technologies-announces-the-opening-of-its-suzhou-shanghai-regional-offices-and-the-hiring-of-qingyuan-hu-phd-as-strategic-program-manager/indexcd64.html]
[mullenusa.com/wp-content/uploads/Qingyuan-photo-244x300.html]
[mullenusa.com/wp-content/uploads/China_Suzhou_Jinjihu_Lake-300x200.html]
[mullenusa.com/index8cf4.html]
[mullenusa.com/2019/05/index.html]
[mullenusa.com/2018/10/26/carhub-now-a-subsidiary-of-mullen-technologies/indexcd64.html]
[mullenusa.com/2019/index.html]
[mullenusa.com/index3f71.html]
[mullenusa.com/2019/08/index.html]
[mullenusa.com/category/uncategorized/feed/index.html]
[mullenusa.com/2019/05/28/mullen-technologies-indy-500-tv-ad-breaks-internet/indexcd64.html]
[mullenusa.com/2019/page/2/index.html]
[mullenusa.com/author/mullendev/index.html]
[mullenusa.com/author/mullendev/feed/index.html]
[mullenusa.com/author/jason/index.html]
[mullenusa.com/2019/05/index.html]
[mullenusa.com/2019/05/28/mullen-technologies-indy-500-tv-ad-breaks-internet/indexcd64.html]
[mullenusa.com/2019/page/2/index.html]
[mullenusa.com/author/mullendev/page/2/index.html]
[mullenusa.com/author/mullendev/page/2/index.html]
[mullenusa.com/author/jason/feed/index.html]
[mullenusa.com/author/kamran/index.html]
[mullenusa.com/author/kamran/index.html]
[mullenusa.com/author/kamran/feed/index.html]
